program
  class
    A
    method
      f
      formal
        x
        Int
      Int
      let
        local
          x
          Int
          +
            x
            1
        let
          local
            y
            Int
            +
              x
              1
          x
