SPIM Version 8.0 of January 8, 2010
Copyright 1990-2010, James R. Larus.
All Rights Reserved.
See the file README for a full copyright notice.
Loaded: trap.handler.nogc
The following symbols are undefined:
Int_protObj
Main.main
Bool_init
String_protObj
class_nameTab
Int_init
String_init
Main_protObj
bool_const0
bool_const1
main
Main_init

[0x00400018]	0x3c010000  lui $1, 0 [Main_protObj]        ; 185: la      $a0 Main_protObj
