.data
.align 2
    .globl class_nameTab
    .globl Int_protObj
    .globl String_protObj
    .globl bool_const0
    .globl bool_const1
    .globl Main_protObj
    .globl _int_tag
    .globl _string_tag
    .globl _bool_tag
_int_tag:
    .word 2
_string_tag:
    .word 3
_bool_tag:
    .word 4
A_protObj:
    .word 49
    .word 12
    .word A_disptable
a

B_protObj:
    .word 50
    .word 12
    .word B_disptable
a
b

C_protObj:
    .word 54
    .word 12
    .word C_disptable
a
c

D_protObj:
    .word 51
    .word 12
    .word D_disptable
a
b

E_protObj:
    .word 52
    .word 12
    .word E_disptable
a
b

F_protObj:
    .word 55
    .word 12
    .word F_disptable
a
c

Main_protObj:
    .word 53
    .word 12
    .word Main_disptable
a
b
x

A_dispTab:
Object.abort
Object.type_name
Object.copy
A.f

B_dispTab:
Object.abort
Object.type_name
Object.copy
A.f
B.g

C_dispTab:
Object.abort
Object.type_name
Object.copy
A.f
C.f
C.h

D_dispTab:
Object.abort
Object.type_name
Object.copy
A.f
B.g

E_dispTab:
Object.abort
Object.type_name
Object.copy
A.f
B.g

F_dispTab:
Object.abort
Object.type_name
Object.copy
A.f
C.f
C.h

Main_dispTab:
Object.abort
Object.type_name
Object.copy
A.f
B.g
Main.main







    .globl heap_start
heap_start:
    .word 0

.text
    .globl Int_init
    .globl String_init
    .globl Bool_init
    .globl Main_init
    .globl Main.main
	li $v0, 10
	syscall		#exit
