.data
.align 2
    .globl class_nameTab
    .globl Int_protObj
    .globl String_protObj
    .globl bool_const0
    .globl bool_const1
    .globl Main_protObj
    .globl _int_tag
    .globl _string_tag
    .globl _bool_tag
_int_tag:
    .word 2
_string_tag:
    .word 3
_bool_tag:
    .word 4
A_protObj:
    .word 4651
    .word 12
    .word A_disptable
a 12

B_protObj:
    .word 4652
    .word 12
    .word B_disptable
a 12
b 16

C_protObj:
    .word 4656
    .word 12
    .word C_disptable
a 12
c 16

D_protObj:
    .word 4653
    .word 12
    .word D_disptable
a 12
b 16

E_protObj:
    .word 4654
    .word 12
    .word E_disptable
a 12
b 16

F_protObj:
    .word 4657
    .word 12
    .word F_disptable
a 12
c 16

Main_protObj:
    .word 4655
    .word 12
    .word Main_disptable
a 12
b 16
x 20

A_dispTab:
Object.abort
Object.type_name
Object.copy
IO.out_string
IO.out_int
IO.in_string
IO.in_int
A.f

B_dispTab:
Object.abort
Object.type_name
Object.copy
IO.out_string
IO.out_int
IO.in_string
IO.in_int
A.f
B.g

C_dispTab:
Object.abort
Object.type_name
Object.copy
IO.out_string
IO.out_int
IO.in_string
IO.in_int
A.f
C.f
C.h

D_dispTab:
Object.abort
Object.type_name
Object.copy
IO.out_string
IO.out_int
IO.in_string
IO.in_int
A.f
B.g

E_dispTab:
Object.abort
Object.type_name
Object.copy
IO.out_string
IO.out_int
IO.in_string
IO.in_int
A.f
B.g

F_dispTab:
Object.abort
Object.type_name
Object.copy
IO.out_string
IO.out_int
IO.in_string
IO.in_int
A.f
C.f
C.h

Main_dispTab:
Object.abort
Object.type_name
Object.copy
IO.out_string
IO.out_int
IO.in_string
IO.in_int
A.f
B.g
Main.out_string
Main.out_int
Main.i
Main.main







    .globl heap_start
heap_start:
    .word 0

.text
    .globl Int_init
    .globl String_init
    .globl Bool_init
    .globl Main_init
    .globl Main.main
	li $v0, 10
	syscall		#exit
